{
    "submodule-dir": "lib",
    "mafia-lock": false,
    "drop-deps": []
}
