{
    "submodule-dir": "submods",
    "mafia-lock": true,
    "submodules": [],
    "drop-deps": [
        "directory"
    ]
}

