{
    "submodule-dir": "lib",
    "mafia-lock": false,
    "submodules": [],
    "drop-deps": []
}

