{
    "submodule-dir": "lib",
    "mafia-lock": true,
    "drop-deps": []
}
